{"sessionId":"559c4e","hypothesisId":"E4","location":"AIEconomyManager.EnqueueWorkerGather","message":"gather assign","data":{"preferred":"Stone","classified":"Stone","supply":"QPS_Rock_Overgrown_D"},"timestamp":1779642668695}
{"sessionId":"559c4e","hypothesisId":"E4","location":"AIEconomyManager.EnqueueWorkerGather","message":"gather assign","data":{"preferred":"Wood","classified":"Wood","supply":"QPS_Cypress_Forest_Desktop"},"timestamp":1779642669173}
{"sessionId":"559c4e","hypothesisId":"E4","location":"AIEconomyManager.EnqueueWorkerGather","message":"gather assign","data":{"preferred":"Stone","classified":"Stone","supply":"QPS_Rock_Overgrown_D"},"timestamp":1779642669644}
{"sessionId":"559c4e","hypothesisId":"H0","location":"PvAiRuntimeHealthCheck.RunValidation","message":"PvAI validation started","data":{"runId":"verify","activeScene":"Game 1"},"timestamp":1779642671970}
{"sessionId":"559c4e","hypothesisId":"pass","location":"PvAiSceneValidator","message":"Có LocalHumanOwnerBootstrap.","data":{"checkId":"bootstrap_local_human","passed":true,"severity":"Info"},"timestamp":1779642671970}
{"sessionId":"559c4e","hypothesisId":"pass","location":"PvAiSceneValidator","message":"Có 2 AIController và đều enabled.","data":{"checkId":"ai_controller_enabled","passed":true,"severity":"Info"},"timestamp":1779642671972}
{"sessionId":"559c4e","hypothesisId":"pass","location":"PvAiSceneValidator","message":"Có PlayerViewBinder.","data":{"checkId":"player_view_binder","passed":true,"severity":"Info"},"timestamp":1779642671972}
{"sessionId":"559c4e","hypothesisId":"pass","location":"PvAiSceneValidator","message":"Mọi AIController trong scene active dùng phe AI (không phải human Player1/2).","data":{"checkId":"ai_controller_owner","passed":true,"severity":"Info"},"timestamp":1779642671973}
{"sessionId":"559c4e","hypothesisId":"pass","location":"PvAiSceneValidator","message":"Không có bot heuristic nào còn Owner=Player2.","data":{"checkId":"bot_owner_player2","passed":true,"severity":"Info"},"timestamp":1779642671973}
{"sessionId":"559c4e","hypothesisId":"pass","location":"PvAiSceneValidator","message":"Có 4 commandable Owner=Player1.","data":{"checkId":"human_units_player1","passed":true,"severity":"Info"},"timestamp":1779642671974}
{"sessionId":"559c4e","hypothesisId":"pass","location":"PvAiSceneValidator","message":"Có 11 commandable phe AI (AI2/AI3).","data":{"checkId":"ai_units_present","passed":true,"severity":"Info"},"timestamp":1779642671974}
{"sessionId":"559c4e","hypothesisId":"pass","location":"PvAiSceneValidator","message":"Không có bot heuristic trên Player1.","data":{"checkId":"bot_on_player1","passed":true,"severity":"Info"},"timestamp":1779642671975}
{"sessionId":"559c4e","hypothesisId":"pass","location":"PvAiSceneValidator","message":"LocalOwner=Player1 (offline M5).","data":{"checkId":"local_owner_player1","passed":true,"severity":"Info"},"timestamp":1779642671976}
{"sessionId":"559c4e","hypothesisId":"pass","location":"PvAiSceneValidator","message":"Mirror không active — đúng chế độ offline Game 1.","data":{"checkId":"mirror_inactive","passed":true,"severity":"Info"},"timestamp":1779642671977}
{"sessionId":"559c4e","hypothesisId":"summary","location":"PvAiRuntimeHealthCheck","message":"PvAI validation PASSED","data":{"allPassed":true,"count":10},"timestamp":1779642671977}
{"sessionId":"559c4e","hypothesisId":"E4","location":"AIEconomyManager.EnqueueWorkerGather","message":"gather assign","data":{"preferred":"Wood","classified":"Wood","supply":"QPS_Cypress_Forest_Desktop"},"timestamp":1779642675376}
{"sessionId":"559c4e","hypothesisId":"E4","location":"AIEconomyManager.EnqueueWorkerGather","message":"gather assign","data":{"preferred":"Stone","classified":"Stone","supply":"QPS_Rock_Overgrown_D"},"timestamp":1779642675903}
{"sessionId":"559c4e","hypothesisId":"E4","location":"AIEconomyManager.EnqueueWorkerGather","message":"gather assign","data":{"preferred":"Stone","classified":"Stone","supply":"QPS_Rock_Overgrown_D"},"timestamp":1779642698903}
{"sessionId":"559c4e","hypothesisId":"E4","location":"AIEconomyManager.EnqueueWorkerGather","message":"gather assign","data":{"preferred":"Stone","classified":"Stone","supply":"QPS_Rock_Overgrown_B"},"timestamp":1779642699393}
{"sessionId":"559c4e","hypothesisId":"E4","location":"AIEconomyManager.EnqueueWorkerGather","message":"gather assign","data":{"preferred":"Stone","classified":"Stone","supply":"QPS_Rock_Overgrown_D"},"timestamp":1779642702119}
{"sessionId":"559c4e","hypothesisId":"E4","location":"AIEconomyManager.EnqueueWorkerGather","message":"gather assign","data":{"preferred":"Stone","classified":"Stone","supply":"QPS_Rock_Overgrown_B"},"timestamp":1779642702607}
{"sessionId":"559c4e","hypothesisId":"E4","location":"AIEconomyManager.EnqueueWorkerGather","message":"gather assign","data":{"preferred":"Stone","classified":"Stone","supply":"QPS_Rock_Overgrown_D"},"timestamp":1779642705295}
{"sessionId":"559c4e","hypothesisId":"E4","location":"AIEconomyManager.EnqueueWorkerGather","message":"gather assign","data":{"preferred":"Stone","classified":"Stone","supply":"QPS_Rock_Overgrown_B"},"timestamp":1779642705789}
{"sessionId":"559c4e","hypothesisId":"E4","location":"AIEconomyManager.EnqueueWorkerGather","message":"gather assign","data":{"preferred":"Stone","classified":"Stone","supply":"QPS_Rock_Overgrown_D"},"timestamp":1779642708480}
{"sessionId":"559c4e","hypothesisId":"E4","location":"AIEconomyManager.EnqueueWorkerGather","message":"gather assign","data":{"preferred":"Stone","classified":"Stone","supply":"QPS_Rock_Overgrown_B"},"timestamp":1779642708973}
{"sessionId":"559c4e","hypothesisId":"E4","location":"AIEconomyManager.EnqueueWorkerGather","message":"gather assign","data":{"preferred":"Stone","classified":"Stone","supply":"QPS_Rock_Overgrown_D"},"timestamp":1779642711665}
{"sessionId":"559c4e","hypothesisId":"E4","location":"AIEconomyManager.EnqueueWorkerGather","message":"gather assign","data":{"preferred":"Stone","classified":"Stone","supply":"QPS_Rock_Overgrown_B"},"timestamp":1779642712153}
{"sessionId":"559c4e","hypothesisId":"E4","location":"AIEconomyManager.EnqueueWorkerGather","message":"gather assign","data":{"preferred":"Stone","classified":"Stone","supply":"QPS_Rock_Overgrown_D"},"timestamp":1779642714847}
{"sessionId":"559c4e","hypothesisId":"E4","location":"AIEconomyManager.EnqueueWorkerGather","message":"gather assign","data":{"preferred":"Stone","classified":"Stone","supply":"QPS_Rock_Overgrown_B"},"timestamp":1779642715339}
{"sessionId":"559c4e","hypothesisId":"E4","location":"AIEconomyManager.EnqueueWorkerGather","message":"gather assign","data":{"preferred":"Stone","classified":"Stone","supply":"QPS_Rock_Overgrown_D"},"timestamp":1779642718064}
{"sessionId":"559c4e","hypothesisId":"E4","location":"AIEconomyManager.EnqueueWorkerGather","message":"gather assign","data":{"preferred":"Stone","classified":"Stone","supply":"QPS_Rock_Overgrown_B"},"timestamp":1779642718553}
{"sessionId":"559c4e","hypothesisId":"E4","location":"AIEconomyManager.EnqueueWorkerGather","message":"gather assign","data":{"preferred":"Stone","classified":"Stone","supply":"QPS_Rock_Overgrown_D"},"timestamp":1779642721269}
{"sessionId":"559c4e","hypothesisId":"E4","location":"AIEconomyManager.EnqueueWorkerGather","message":"gather assign","data":{"preferred":"Stone","classified":"Stone","supply":"QPS_Rock_Overgrown_B"},"timestamp":1779642721754}
{"sessionId":"559c4e","hypothesisId":"E4","location":"AIEconomyManager.EnqueueWorkerGather","message":"gather assign","data":{"preferred":"Stone","classified":"Stone","supply":"QPS_Rock_Overgrown_D"},"timestamp":1779642724419}
{"sessionId":"559c4e","hypothesisId":"E4","location":"AIEconomyManager.EnqueueWorkerGather","message":"gather assign","data":{"preferred":"Stone","classified":"Stone","supply":"QPS_Rock_Overgrown_B"},"timestamp":1779642724904}
{"sessionId":"559c4e","hypothesisId":"E4","location":"AIEconomyManager.EnqueueWorkerGather","message":"gather assign","data":{"preferred":"Stone","classified":"Stone","supply":"QPS_Rock_Overgrown_D"},"timestamp":1779642727583}
{"sessionId":"559c4e","hypothesisId":"E4","location":"AIEconomyManager.EnqueueWorkerGather","message":"gather assign","data":{"preferred":"Stone","classified":"Stone","supply":"QPS_Rock_Overgrown_B"},"timestamp":1779642728074}
{"sessionId":"559c4e","hypothesisId":"E4","location":"AIEconomyManager.EnqueueWorkerGather","message":"gather assign","data":{"preferred":"Stone","classified":"Stone","supply":"QPS_Rock_Overgrown_D"},"timestamp":1779642730753}
{"sessionId":"559c4e","hypothesisId":"E4","location":"AIEconomyManager.EnqueueWorkerGather","message":"gather assign","data":{"preferred":"Wood","classified":"Wood","supply":"QPS_Conifer"},"timestamp":1779642731257}
{"sessionId":"559c4e","hypothesisId":"E4","location":"AIEconomyManager.EnqueueWorkerGather","message":"gather assign","data":{"preferred":"Stone","classified":"Stone","supply":"QPS_Rock_Overgrown_B"},"timestamp":1779642731749}
{"sessionId":"559c4e","hypothesisId":"E4","location":"AIEconomyManager.EnqueueWorkerGather","message":"gather assign","data":{"preferred":"Stone","classified":"Stone","supply":"QPS_Rock_Overgrown_D"},"timestamp":1779642734445}
{"sessionId":"559c4e","hypothesisId":"E4","location":"AIEconomyManager.EnqueueWorkerGather","message":"gather assign","data":{"preferred":"Wood","classified":"Wood","supply":"QPS_Conifer"},"timestamp":1779642734948}
{"sessionId":"559c4e","hypothesisId":"E4","location":"AIEconomyManager.EnqueueWorkerGather","message":"gather assign","data":{"preferred":"Stone","classified":"Stone","supply":"QPS_Rock_Overgrown_B"},"timestamp":1779642735441}
{"sessionId":"559c4e","hypothesisId":"E4","location":"AIEconomyManager.EnqueueWorkerGather","message":"gather assign","data":{"preferred":"Stone","classified":"Stone","supply":"QPS_Rock_Overgrown_D"},"timestamp":1779642738121}
{"sessionId":"559c4e","hypothesisId":"E4","location":"AIEconomyManager.EnqueueWorkerGather","message":"gather assign","data":{"preferred":"Wood","classified":"Wood","supply":"QPS_Pine_A"},"timestamp":1779642738626}
{"sessionId":"559c4e","hypothesisId":"E4","location":"AIEconomyManager.EnqueueWorkerGather","message":"gather assign","data":{"preferred":"Stone","classified":"Stone","supply":"QPS_Rock_Overgrown_B"},"timestamp":1779642739115}
{"sessionId":"559c4e","hypothesisId":"E4","location":"AIEconomyManager.EnqueueWorkerGather","message":"gather assign","data":{"preferred":"Stone","classified":"Stone","supply":"QPS_Rock_Overgrown_D"},"timestamp":1779642741828}
{"sessionId":"559c4e","hypothesisId":"E4","location":"AIEconomyManager.EnqueueWorkerGather","message":"gather assign","data":{"preferred":"Wood","classified":"Wood","supply":"QPS_Conifer"},"timestamp":1779642742337}
{"sessionId":"559c4e","hypothesisId":"E4","location":"AIEconomyManager.EnqueueWorkerGather","message":"gather assign","data":{"preferred":"Stone","classified":"Stone","supply":"QPS_Rock_Overgrown_B"},"timestamp":1779642742830}
{"sessionId":"559c4e","hypothesisId":"E4","location":"AIEconomyManager.EnqueueWorkerGather","message":"gather assign","data":{"preferred":"Stone","classified":"Stone","supply":"QPS_Rock_Overgrown_D"},"timestamp":1779642745511}
{"sessionId":"559c4e","hypothesisId":"E4","location":"AIEconomyManager.EnqueueWorkerGather","message":"gather assign","data":{"preferred":"Wood","classified":"Wood","supply":"QPS_Conifer"},"timestamp":1779642746013}
{"sessionId":"559c4e","hypothesisId":"E4","location":"AIEconomyManager.EnqueueWorkerGather","message":"gather assign","data":{"preferred":"Stone","classified":"Stone","supply":"QPS_Rock_Overgrown_B"},"timestamp":1779642746502}
{"sessionId":"559c4e","hypothesisId":"E4","location":"AIEconomyManager.EnqueueWorkerGather","message":"gather assign","data":{"preferred":"Stone","classified":"Stone","supply":"QPS_Rock_Overgrown_D"},"timestamp":1779642749661}
{"sessionId":"559c4e","hypothesisId":"E4","location":"AIEconomyManager.EnqueueWorkerGather","message":"gather assign","data":{"preferred":"Wood","classified":"Wood","supply":"QPS_Conifer"},"timestamp":1779642750164}
{"sessionId":"559c4e","hypothesisId":"E4","location":"AIEconomyManager.EnqueueWorkerGather","message":"gather assign","data":{"preferred":"Stone","classified":"Stone","supply":"QPS_Rock_Overgrown_B"},"timestamp":1779642750659}
{"sessionId":"559c4e","hypothesisId":"E4","location":"AIEconomyManager.EnqueueWorkerGather","message":"gather assign","data":{"preferred":"Stone","classified":"Stone","supply":"QPS_Rock_Overgrown_D"},"timestamp":1779642754806}
{"sessionId":"559c4e","hypothesisId":"E4","location":"AIEconomyManager.EnqueueWorkerGather","message":"gather assign","data":{"preferred":"Wood","classified":"Wood","supply":"QPS_Conifer"},"timestamp":1779642755311}
{"sessionId":"559c4e","hypothesisId":"E4","location":"AIEconomyManager.EnqueueWorkerGather","message":"gather assign","data":{"preferred":"Stone","classified":"Stone","supply":"QPS_Rock_Overgrown_B"},"timestamp":1779642755803}
{"sessionId":"559c4e","hypothesisId":"E4","location":"AIEconomyManager.EnqueueWorkerGather","message":"gather assign","data":{"preferred":"Stone","classified":"Stone","supply":"QPS_Rock_Overgrown_D"},"timestamp":1779642759994}
{"sessionId":"559c4e","hypothesisId":"E4","location":"AIEconomyManager.EnqueueWorkerGather","message":"gather assign","data":{"preferred":"Wood","classified":"Wood","supply":"QPS_Conifer"},"timestamp":1779642760494}
{"sessionId":"559c4e","hypothesisId":"E4","location":"AIEconomyManager.EnqueueWorkerGather","message":"gather assign","data":{"preferred":"Stone","classified":"Stone","supply":"QPS_Rock_Overgrown_B"},"timestamp":1779642760987}
{"sessionId":"559c4e","hypothesisId":"E4","location":"AIEconomyManager.EnqueueWorkerGather","message":"gather assign","data":{"preferred":"Stone","classified":"Stone","supply":"QPS_Rock_Overgrown_D"},"timestamp":1779642765158}
{"sessionId":"559c4e","hypothesisId":"E4","location":"AIEconomyManager.EnqueueWorkerGather","message":"gather assign","data":{"preferred":"Wood","classified":"Wood","supply":"QPS_Conifer"},"timestamp":1779642765661}
{"sessionId":"559c4e","hypothesisId":"E4","location":"AIEconomyManager.EnqueueWorkerGather","message":"gather assign","data":{"preferred":"Stone","classified":"Stone","supply":"QPS_Rock_Overgrown_B"},"timestamp":1779642766162}
{"sessionId":"559c4e","hypothesisId":"E4","location":"AIEconomyManager.EnqueueWorkerGather","message":"gather assign","data":{"preferred":"Stone","classified":"Stone","supply":"QPS_Rock_Overgrown_D"},"timestamp":1779642770366}
{"sessionId":"559c4e","hypothesisId":"E4","location":"AIEconomyManager.EnqueueWorkerGather","message":"gather assign","data":{"preferred":"Wood","classified":"Wood","supply":"QPS_Conifer"},"timestamp":1779642770871}
{"sessionId":"559c4e","hypothesisId":"E4","location":"AIEconomyManager.EnqueueWorkerGather","message":"gather assign","data":{"preferred":"Stone","classified":"Stone","supply":"QPS_Rock_Overgrown_B"},"timestamp":1779642771362}
{"sessionId":"559c4e","hypothesisId":"E4","location":"AIEconomyManager.EnqueueWorkerGather","message":"gather assign","data":{"preferred":"Stone","classified":"Stone","supply":"QPS_Rock_Overgrown_D"},"timestamp":1779642775568}
{"sessionId":"559c4e","hypothesisId":"E4","location":"AIEconomyManager.EnqueueWorkerGather","message":"gather assign","data":{"preferred":"Wood","classified":"Wood","supply":"QPS_Conifer"},"timestamp":1779642776091}
{"sessionId":"559c4e","hypothesisId":"E4","location":"AIEconomyManager.EnqueueWorkerGather","message":"gather assign","data":{"preferred":"Stone","classified":"Stone","supply":"QPS_Rock_Overgrown_B"},"timestamp":1779642776616}
{"sessionId":"559c4e","hypothesisId":"H0","location":"PvAiRuntimeHealthCheck.RunValidation","message":"PvAI validation started","data":{"runId":"verify","activeScene":"Game 1"},"timestamp":1779643392234}
{"sessionId":"559c4e","hypothesisId":"pass","location":"PvAiSceneValidator","message":"Có LocalHumanOwnerBootstrap.","data":{"checkId":"bootstrap_local_human","passed":true,"severity":"Info"},"timestamp":1779643392235}
{"sessionId":"559c4e","hypothesisId":"pass","location":"PvAiSceneValidator","message":"Có 2 AIController và đều enabled.","data":{"checkId":"ai_controller_enabled","passed":true,"severity":"Info"},"timestamp":1779643392237}
{"sessionId":"559c4e","hypothesisId":"pass","location":"PvAiSceneValidator","message":"Có PlayerViewBinder.","data":{"checkId":"player_view_binder","passed":true,"severity":"Info"},"timestamp":1779643392237}
{"sessionId":"559c4e","hypothesisId":"pass","location":"PvAiSceneValidator","message":"Mọi AIController trong scene active dùng phe AI (không phải human Player1/2).","data":{"checkId":"ai_controller_owner","passed":true,"severity":"Info"},"timestamp":1779643392237}
{"sessionId":"559c4e","hypothesisId":"pass","location":"PvAiSceneValidator","message":"Không có bot heuristic nào còn Owner=Player2.","data":{"checkId":"bot_owner_player2","passed":true,"severity":"Info"},"timestamp":1779643392237}
{"sessionId":"559c4e","hypothesisId":"pass","location":"PvAiSceneValidator","message":"Có 4 commandable Owner=Player1.","data":{"checkId":"human_units_player1","passed":true,"severity":"Info"},"timestamp":1779643392238}
{"sessionId":"559c4e","hypothesisId":"pass","location":"PvAiSceneValidator","message":"Có 10 commandable phe AI (AI2/AI3).","data":{"checkId":"ai_units_present","passed":true,"severity":"Info"},"timestamp":1779643392238}
{"sessionId":"559c4e","hypothesisId":"pass","location":"PvAiSceneValidator","message":"Không có bot heuristic trên Player1.","data":{"checkId":"bot_on_player1","passed":true,"severity":"Info"},"timestamp":1779643392239}
{"sessionId":"559c4e","hypothesisId":"pass","location":"PvAiSceneValidator","message":"LocalOwner=Player1 (offline M5).","data":{"checkId":"local_owner_player1","passed":true,"severity":"Info"},"timestamp":1779643392239}
{"sessionId":"559c4e","hypothesisId":"pass","location":"PvAiSceneValidator","message":"Mirror không active — đúng chế độ offline Game 1.","data":{"checkId":"mirror_inactive","passed":true,"severity":"Info"},"timestamp":1779643392239}
{"sessionId":"559c4e","hypothesisId":"summary","location":"PvAiRuntimeHealthCheck","message":"PvAI validation PASSED","data":{"allPassed":true,"count":10},"timestamp":1779643392239}
{"sessionId":"559c4e","hypothesisId":"H0","location":"PvAiRuntimeHealthCheck.RunValidation","message":"PvAI validation started","data":{"runId":"verify","activeScene":"Game 1"},"timestamp":1779643790001}
{"sessionId":"559c4e","hypothesisId":"pass","location":"PvAiSceneValidator","message":"Có LocalHumanOwnerBootstrap.","data":{"checkId":"bootstrap_local_human","passed":true,"severity":"Info"},"timestamp":1779643790004}
{"sessionId":"559c4e","hypothesisId":"pass","location":"PvAiSceneValidator","message":"Có 2 AIController và đều enabled.","data":{"checkId":"ai_controller_enabled","passed":true,"severity":"Info"},"timestamp":1779643790004}
{"sessionId":"559c4e","hypothesisId":"pass","location":"PvAiSceneValidator","message":"Có PlayerViewBinder.","data":{"checkId":"player_view_binder","passed":true,"severity":"Info"},"timestamp":1779643790004}
{"sessionId":"559c4e","hypothesisId":"pass","location":"PvAiSceneValidator","message":"Mọi AIController trong scene active dùng phe AI (không phải human Player1/2).","data":{"checkId":"ai_controller_owner","passed":true,"severity":"Info"},"timestamp":1779643790004}
{"sessionId":"559c4e","hypothesisId":"pass","location":"PvAiSceneValidator","message":"Không có bot heuristic nào còn Owner=Player2.","data":{"checkId":"bot_owner_player2","passed":true,"severity":"Info"},"timestamp":1779643790005}
{"sessionId":"559c4e","hypothesisId":"pass","location":"PvAiSceneValidator","message":"Có 4 commandable Owner=Player1.","data":{"checkId":"human_units_player1","passed":true,"severity":"Info"},"timestamp":1779643790005}
{"sessionId":"559c4e","hypothesisId":"pass","location":"PvAiSceneValidator","message":"Có 10 commandable phe AI (AI2/AI3).","data":{"checkId":"ai_units_present","passed":true,"severity":"Info"},"timestamp":1779643790006}
{"sessionId":"559c4e","hypothesisId":"pass","location":"PvAiSceneValidator","message":"Không có bot heuristic trên Player1.","data":{"checkId":"bot_on_player1","passed":true,"severity":"Info"},"timestamp":1779643790006}
{"sessionId":"559c4e","hypothesisId":"pass","location":"PvAiSceneValidator","message":"LocalOwner=Player1 (offline M5).","data":{"checkId":"local_owner_player1","passed":true,"severity":"Info"},"timestamp":1779643790006}
{"sessionId":"559c4e","hypothesisId":"pass","location":"PvAiSceneValidator","message":"Mirror không active — đúng chế độ offline Game 1.","data":{"checkId":"mirror_inactive","passed":true,"severity":"Info"},"timestamp":1779643790006}
{"sessionId":"559c4e","hypothesisId":"summary","location":"PvAiRuntimeHealthCheck","message":"PvAI validation PASSED","data":{"allPassed":true,"count":10},"timestamp":1779643790008}
{"sessionId":"559c4e","hypothesisId":"H0","location":"PvAiRuntimeHealthCheck.RunValidation","message":"PvAI validation started","data":{"runId":"verify","activeScene":"Game 1"},"timestamp":1779643839885}
{"sessionId":"559c4e","hypothesisId":"pass","location":"PvAiSceneValidator","message":"Có LocalHumanOwnerBootstrap.","data":{"checkId":"bootstrap_local_human","passed":true,"severity":"Info"},"timestamp":1779643839888}
{"sessionId":"559c4e","hypothesisId":"pass","location":"PvAiSceneValidator","message":"Có 2 AIController và đều enabled.","data":{"checkId":"ai_controller_enabled","passed":true,"severity":"Info"},"timestamp":1779643839890}
{"sessionId":"559c4e","hypothesisId":"pass","location":"PvAiSceneValidator","message":"Có PlayerViewBinder.","data":{"checkId":"player_view_binder","passed":true,"severity":"Info"},"timestamp":1779643839890}
{"sessionId":"559c4e","hypothesisId":"pass","location":"PvAiSceneValidator","message":"Mọi AIController trong scene active dùng phe AI (không phải human Player1/2).","data":{"checkId":"ai_controller_owner","passed":true,"severity":"Info"},"timestamp":1779643839890}
{"sessionId":"559c4e","hypothesisId":"pass","location":"PvAiSceneValidator","message":"Không có bot heuristic nào còn Owner=Player2.","data":{"checkId":"bot_owner_player2","passed":true,"severity":"Info"},"timestamp":1779643839890}
{"sessionId":"559c4e","hypothesisId":"pass","location":"PvAiSceneValidator","message":"Có 4 commandable Owner=Player1.","data":{"checkId":"human_units_player1","passed":true,"severity":"Info"},"timestamp":1779643839892}
{"sessionId":"559c4e","hypothesisId":"pass","location":"PvAiSceneValidator","message":"Có 10 commandable phe AI (AI2/AI3).","data":{"checkId":"ai_units_present","passed":true,"severity":"Info"},"timestamp":1779643839892}
{"sessionId":"559c4e","hypothesisId":"pass","location":"PvAiSceneValidator","message":"Không có bot heuristic trên Player1.","data":{"checkId":"bot_on_player1","passed":true,"severity":"Info"},"timestamp":1779643839892}
{"sessionId":"559c4e","hypothesisId":"pass","location":"PvAiSceneValidator","message":"LocalOwner=Player1 (offline M5).","data":{"checkId":"local_owner_player1","passed":true,"severity":"Info"},"timestamp":1779643839892}
{"sessionId":"559c4e","hypothesisId":"pass","location":"PvAiSceneValidator","message":"Mirror không active — đúng chế độ offline Game 1.","data":{"checkId":"mirror_inactive","passed":true,"severity":"Info"},"timestamp":1779643839893}
{"sessionId":"559c4e","hypothesisId":"summary","location":"PvAiRuntimeHealthCheck","message":"PvAI validation PASSED","data":{"allPassed":true,"count":10},"timestamp":1779643839893}
{"sessionId":"559c4e","hypothesisId":"H0","location":"PvAiRuntimeHealthCheck.RunValidation","message":"PvAI validation started","data":{"runId":"verify","activeScene":"Game 1"},"timestamp":1779644041219}
{"sessionId":"559c4e","hypothesisId":"pass","location":"PvAiSceneValidator","message":"Có LocalHumanOwnerBootstrap.","data":{"checkId":"bootstrap_local_human","passed":true,"severity":"Info"},"timestamp":1779644041221}
{"sessionId":"559c4e","hypothesisId":"pass","location":"PvAiSceneValidator","message":"Có 2 AIController và đều enabled.","data":{"checkId":"ai_controller_enabled","passed":true,"severity":"Info"},"timestamp":1779644041221}
{"sessionId":"559c4e","hypothesisId":"pass","location":"PvAiSceneValidator","message":"Có PlayerViewBinder.","data":{"checkId":"player_view_binder","passed":true,"severity":"Info"},"timestamp":1779644041221}
{"sessionId":"559c4e","hypothesisId":"pass","location":"PvAiSceneValidator","message":"Mọi AIController trong scene active dùng phe AI (không phải human Player1/2).","data":{"checkId":"ai_controller_owner","passed":true,"severity":"Info"},"timestamp":1779644041223}
{"sessionId":"559c4e","hypothesisId":"pass","location":"PvAiSceneValidator","message":"Không có bot heuristic nào còn Owner=Player2.","data":{"checkId":"bot_owner_player2","passed":true,"severity":"Info"},"timestamp":1779644041223}
{"sessionId":"559c4e","hypothesisId":"pass","location":"PvAiSceneValidator","message":"Có 4 commandable Owner=Player1.","data":{"checkId":"human_units_player1","passed":true,"severity":"Info"},"timestamp":1779644041223}
{"sessionId":"559c4e","hypothesisId":"pass","location":"PvAiSceneValidator","message":"Có 10 commandable phe AI (AI2/AI3).","data":{"checkId":"ai_units_present","passed":true,"severity":"Info"},"timestamp":1779644041223}
{"sessionId":"559c4e","hypothesisId":"pass","location":"PvAiSceneValidator","message":"Không có bot heuristic trên Player1.","data":{"checkId":"bot_on_player1","passed":true,"severity":"Info"},"timestamp":1779644041224}
{"sessionId":"559c4e","hypothesisId":"pass","location":"PvAiSceneValidator","message":"LocalOwner=Player1 (offline M5).","data":{"checkId":"local_owner_player1","passed":true,"severity":"Info"},"timestamp":1779644041224}
{"sessionId":"559c4e","hypothesisId":"pass","location":"PvAiSceneValidator","message":"Mirror không active — đúng chế độ offline Game 1.","data":{"checkId":"mirror_inactive","passed":true,"severity":"Info"},"timestamp":1779644041224}
{"sessionId":"559c4e","hypothesisId":"summary","location":"PvAiRuntimeHealthCheck","message":"PvAI validation PASSED","data":{"allPassed":true,"count":10},"timestamp":1779644041224}
{"sessionId":"559c4e","hypothesisId":"H0","location":"PvAiRuntimeHealthCheck.RunValidation","message":"PvAI validation started","data":{"runId":"verify","activeScene":"Game 1"},"timestamp":1779644380967}
{"sessionId":"559c4e","hypothesisId":"pass","location":"PvAiSceneValidator","message":"Có LocalHumanOwnerBootstrap.","data":{"checkId":"bootstrap_local_human","passed":true,"severity":"Info"},"timestamp":1779644380969}
{"sessionId":"559c4e","hypothesisId":"pass","location":"PvAiSceneValidator","message":"Có 2 AIController và đều enabled.","data":{"checkId":"ai_controller_enabled","passed":true,"severity":"Info"},"timestamp":1779644380969}
{"sessionId":"559c4e","hypothesisId":"pass","location":"PvAiSceneValidator","message":"Có PlayerViewBinder.","data":{"checkId":"player_view_binder","passed":true,"severity":"Info"},"timestamp":1779644380969}
{"sessionId":"559c4e","hypothesisId":"pass","location":"PvAiSceneValidator","message":"Mọi AIController trong scene active dùng phe AI (không phải human Player1/2).","data":{"checkId":"ai_controller_owner","passed":true,"severity":"Info"},"timestamp":1779644380970}
{"sessionId":"559c4e","hypothesisId":"pass","location":"PvAiSceneValidator","message":"Không có bot heuristic nào còn Owner=Player2.","data":{"checkId":"bot_owner_player2","passed":true,"severity":"Info"},"timestamp":1779644380970}
{"sessionId":"559c4e","hypothesisId":"pass","location":"PvAiSceneValidator","message":"Có 4 commandable Owner=Player1.","data":{"checkId":"human_units_player1","passed":true,"severity":"Info"},"timestamp":1779644380970}
{"sessionId":"559c4e","hypothesisId":"pass","location":"PvAiSceneValidator","message":"Có 10 commandable phe AI (AI2/AI3).","data":{"checkId":"ai_units_present","passed":true,"severity":"Info"},"timestamp":1779644380971}
{"sessionId":"559c4e","hypothesisId":"pass","location":"PvAiSceneValidator","message":"Không có bot heuristic trên Player1.","data":{"checkId":"bot_on_player1","passed":true,"severity":"Info"},"timestamp":1779644380971}
{"sessionId":"559c4e","hypothesisId":"pass","location":"PvAiSceneValidator","message":"LocalOwner=Player1 (offline M5).","data":{"checkId":"local_owner_player1","passed":true,"severity":"Info"},"timestamp":1779644380972}
{"sessionId":"559c4e","hypothesisId":"pass","location":"PvAiSceneValidator","message":"Mirror không active — đúng chế độ offline Game 1.","data":{"checkId":"mirror_inactive","passed":true,"severity":"Info"},"timestamp":1779644380972}
{"sessionId":"559c4e","hypothesisId":"summary","location":"PvAiRuntimeHealthCheck","message":"PvAI validation PASSED","data":{"allPassed":true,"count":10},"timestamp":1779644380972}
{"sessionId":"559c4e","hypothesisId":"H0","location":"PvAiRuntimeHealthCheck.RunValidation","message":"PvAI validation started","data":{"runId":"verify","activeScene":"Game 1"},"timestamp":1779645466982}
{"sessionId":"559c4e","hypothesisId":"pass","location":"PvAiSceneValidator","message":"Có LocalHumanOwnerBootstrap.","data":{"checkId":"bootstrap_local_human","passed":true,"severity":"Info"},"timestamp":1779645466984}
{"sessionId":"559c4e","hypothesisId":"pass","location":"PvAiSceneValidator","message":"Có 2 AIController và đều enabled.","data":{"checkId":"ai_controller_enabled","passed":true,"severity":"Info"},"timestamp":1779645466984}
{"sessionId":"559c4e","hypothesisId":"pass","location":"PvAiSceneValidator","message":"Có PlayerViewBinder.","data":{"checkId":"player_view_binder","passed":true,"severity":"Info"},"timestamp":1779645466985}
{"sessionId":"559c4e","hypothesisId":"pass","location":"PvAiSceneValidator","message":"Mọi AIController trong scene active dùng phe AI (không phải human Player1/2).","data":{"checkId":"ai_controller_owner","passed":true,"severity":"Info"},"timestamp":1779645466985}
{"sessionId":"559c4e","hypothesisId":"pass","location":"PvAiSceneValidator","message":"Không có bot heuristic nào còn Owner=Player2.","data":{"checkId":"bot_owner_player2","passed":true,"severity":"Info"},"timestamp":1779645466985}
{"sessionId":"559c4e","hypothesisId":"pass","location":"PvAiSceneValidator","message":"Có 4 commandable Owner=Player1.","data":{"checkId":"human_units_player1","passed":true,"severity":"Info"},"timestamp":1779645466985}
{"sessionId":"559c4e","hypothesisId":"pass","location":"PvAiSceneValidator","message":"Có 10 commandable phe AI (AI2/AI3).","data":{"checkId":"ai_units_present","passed":true,"severity":"Info"},"timestamp":1779645466986}
{"sessionId":"559c4e","hypothesisId":"pass","location":"PvAiSceneValidator","message":"Không có bot heuristic trên Player1.","data":{"checkId":"bot_on_player1","passed":true,"severity":"Info"},"timestamp":1779645466986}
{"sessionId":"559c4e","hypothesisId":"pass","location":"PvAiSceneValidator","message":"LocalOwner=Player1 (offline M5).","data":{"checkId":"local_owner_player1","passed":true,"severity":"Info"},"timestamp":1779645466986}
{"sessionId":"559c4e","hypothesisId":"pass","location":"PvAiSceneValidator","message":"Mirror không active — đúng chế độ offline Game 1.","data":{"checkId":"mirror_inactive","passed":true,"severity":"Info"},"timestamp":1779645466987}
{"sessionId":"559c4e","hypothesisId":"summary","location":"PvAiRuntimeHealthCheck","message":"PvAI validation PASSED","data":{"allPassed":true,"count":10},"timestamp":1779645466987}
{"sessionId":"559c4e","hypothesisId":"H0","location":"PvAiRuntimeHealthCheck.RunValidation","message":"PvAI validation started","data":{"runId":"verify","activeScene":"Game 1"},"timestamp":1779646416484}
{"sessionId":"559c4e","hypothesisId":"pass","location":"PvAiSceneValidator","message":"Có LocalHumanOwnerBootstrap.","data":{"checkId":"bootstrap_local_human","passed":true,"severity":"Info"},"timestamp":1779646416487}
{"sessionId":"559c4e","hypothesisId":"pass","location":"PvAiSceneValidator","message":"Có 2 AIController và đều enabled.","data":{"checkId":"ai_controller_enabled","passed":true,"severity":"Info"},"timestamp":1779646416487}
{"sessionId":"559c4e","hypothesisId":"pass","location":"PvAiSceneValidator","message":"Có PlayerViewBinder.","data":{"checkId":"player_view_binder","passed":true,"severity":"Info"},"timestamp":1779646416488}
{"sessionId":"559c4e","hypothesisId":"pass","location":"PvAiSceneValidator","message":"Mọi AIController trong scene active dùng phe AI (không phải human Player1/2).","data":{"checkId":"ai_controller_owner","passed":true,"severity":"Info"},"timestamp":1779646416488}
{"sessionId":"559c4e","hypothesisId":"pass","location":"PvAiSceneValidator","message":"Không có bot heuristic nào còn Owner=Player2.","data":{"checkId":"bot_owner_player2","passed":true,"severity":"Info"},"timestamp":1779646416488}
{"sessionId":"559c4e","hypothesisId":"pass","location":"PvAiSceneValidator","message":"Có 4 commandable Owner=Player1.","data":{"checkId":"human_units_player1","passed":true,"severity":"Info"},"timestamp":1779646416489}
{"sessionId":"559c4e","hypothesisId":"pass","location":"PvAiSceneValidator","message":"Có 10 commandable phe AI (AI2/AI3).","data":{"checkId":"ai_units_present","passed":true,"severity":"Info"},"timestamp":1779646416489}
{"sessionId":"559c4e","hypothesisId":"pass","location":"PvAiSceneValidator","message":"Không có bot heuristic trên Player1.","data":{"checkId":"bot_on_player1","passed":true,"severity":"Info"},"timestamp":1779646416489}
{"sessionId":"559c4e","hypothesisId":"pass","location":"PvAiSceneValidator","message":"LocalOwner=Player1 (offline M5).","data":{"checkId":"local_owner_player1","passed":true,"severity":"Info"},"timestamp":1779646416489}
{"sessionId":"559c4e","hypothesisId":"pass","location":"PvAiSceneValidator","message":"Mirror không active — đúng chế độ offline Game 1.","data":{"checkId":"mirror_inactive","passed":true,"severity":"Info"},"timestamp":1779646416489}
{"sessionId":"559c4e","hypothesisId":"summary","location":"PvAiRuntimeHealthCheck","message":"PvAI validation PASSED","data":{"allPassed":true,"count":10},"timestamp":1779646416490}
{"sessionId":"559c4e","hypothesisId":"H0","location":"PvAiRuntimeHealthCheck.RunValidation","message":"PvAI validation started","data":{"runId":"verify","activeScene":"PVE"},"timestamp":1779646912970}
{"sessionId":"559c4e","hypothesisId":"H0","location":"PvAiSceneValidator","message":"Scene đang mở là 'PVE' — checklist M5 áp dụng cho 'Game 1'.","data":{"checkId":"scene_name","passed":false,"severity":"Warning"},"timestamp":1779646912972}
{"sessionId":"559c4e","hypothesisId":"pass","location":"PvAiSceneValidator","message":"Có LocalHumanOwnerBootstrap.","data":{"checkId":"bootstrap_local_human","passed":true,"severity":"Info"},"timestamp":1779646912974}
{"sessionId":"559c4e","hypothesisId":"pass","location":"PvAiSceneValidator","message":"Có 2 AIController và đều enabled.","data":{"checkId":"ai_controller_enabled","passed":true,"severity":"Info"},"timestamp":1779646912974}
{"sessionId":"559c4e","hypothesisId":"pass","location":"PvAiSceneValidator","message":"Có PlayerViewBinder.","data":{"checkId":"player_view_binder","passed":true,"severity":"Info"},"timestamp":1779646912974}
{"sessionId":"559c4e","hypothesisId":"pass","location":"PvAiSceneValidator","message":"Mọi AIController trong scene active dùng phe AI (không phải human Player1/2).","data":{"checkId":"ai_controller_owner","passed":true,"severity":"Info"},"timestamp":1779646912975}
{"sessionId":"559c4e","hypothesisId":"pass","location":"PvAiSceneValidator","message":"Không có bot heuristic nào còn Owner=Player2.","data":{"checkId":"bot_owner_player2","passed":true,"severity":"Info"},"timestamp":1779646912975}
{"sessionId":"559c4e","hypothesisId":"pass","location":"PvAiSceneValidator","message":"Có 4 commandable Owner=Player1.","data":{"checkId":"human_units_player1","passed":true,"severity":"Info"},"timestamp":1779646912975}
{"sessionId":"559c4e","hypothesisId":"pass","location":"PvAiSceneValidator","message":"Có 10 commandable phe AI (AI2/AI3).","data":{"checkId":"ai_units_present","passed":true,"severity":"Info"},"timestamp":1779646912976}
{"sessionId":"559c4e","hypothesisId":"pass","location":"PvAiSceneValidator","message":"Không có bot heuristic trên Player1.","data":{"checkId":"bot_on_player1","passed":true,"severity":"Info"},"timestamp":1779646912976}
{"sessionId":"559c4e","hypothesisId":"pass","location":"PvAiSceneValidator","message":"LocalOwner=Player1 (offline M5).","data":{"checkId":"local_owner_player1","passed":true,"severity":"Info"},"timestamp":1779646912976}
{"sessionId":"559c4e","hypothesisId":"pass","location":"PvAiSceneValidator","message":"Mirror không active — đúng chế độ offline Game 1.","data":{"checkId":"mirror_inactive","passed":true,"severity":"Info"},"timestamp":1779646912977}
{"sessionId":"559c4e","hypothesisId":"summary","location":"PvAiRuntimeHealthCheck","message":"PvAI validation FAILED","data":{"allPassed":false,"count":11},"timestamp":1779646912978}
