{"sessionId":"6d816f","runId":"pre","hypothesisId":"H2","location":"PlayerInput.HandleRightClick","message":"raycast_hit","data":{"collider":"QPS_Rock_Overgrown_B","layer":9},"timestamp":1778550860469}
{"sessionId":"6d816f","runId":"pre","hypothesisId":"H1","location":"PlayerInput.HandleRightClick","message":"command_queue","data":{"unit":"Worker 1","order":"BuildBuildingCommand,BuildBuildingCommand,BuildBuildingCommand,BuildBuildingCommand,BuildBuildingCommand,LoadIntoCommand,GatherCommand,AttackCommand,MoveCommand,StopCommand","moveIndex":8,"gatherIndex":6,"gatherBeforeMove":true},"timestamp":1778550860472}
{"sessionId":"6d816f","runId":"pre","hypothesisId":"H2","location":"GatherCommand.CanHandle","message":"eval","data":{"ok":true,"isWorker":true,"hasSupplyOnCollider":true,"isCommandPost":false,"hit":"QPS_Rock_Overgrown_B"},"timestamp":1778550860474}
{"sessionId":"6d816f","runId":"pre","hypothesisId":"H1","location":"PlayerInput.HandleRightClick","message":"winner","data":{"unit":"Worker 1","command":"GatherCommand"},"timestamp":1778550860476}
{"sessionId":"6d816f","runId":"post-fix","hypothesisId":"H4","location":"GatherCommand.Handle","message":"gather_direct","data":{"visible":false,"hit":"QPS_Rock_Overgrown_B"},"timestamp":1778550860477}
{"sessionId":"6d816f","runId":"pre","hypothesisId":"H4","location":"Worker.Gather","message":"invoked","data":{"supply":"QPS_Rock_Overgrown_B"},"timestamp":1778550860477}
{"sessionId":"6d816f","runId":"pre","hypothesisId":"H2","location":"GatherCommand.CanHandle","message":"eval","data":{"ok":true,"isWorker":true,"hasSupplyOnCollider":true,"isCommandPost":false,"hit":"QPS_Pine_C"},"timestamp":1778550874859}
{"sessionId":"6d816f","runId":"post-fix","hypothesisId":"H4","location":"GatherCommand.Handle","message":"gather_direct","data":{"visible":false,"hit":"QPS_Pine_C"},"timestamp":1778550874861}
{"sessionId":"6d816f","runId":"pre","hypothesisId":"H4","location":"Worker.Gather","message":"invoked","data":{"supply":"QPS_Pine_C"},"timestamp":1778550874861}
{"sessionId":"6d816f","runId":"pre","hypothesisId":"H2","location":"GatherCommand.CanHandle","message":"eval","data":{"ok":true,"isWorker":true,"hasSupplyOnCollider":true,"isCommandPost":false,"hit":"QPS_Rock_Overgrown_C"},"timestamp":1778550888945}
{"sessionId":"6d816f","runId":"post-fix","hypothesisId":"H4","location":"GatherCommand.Handle","message":"gather_direct","data":{"visible":false,"hit":"QPS_Rock_Overgrown_C"},"timestamp":1778550888946}
{"sessionId":"6d816f","runId":"pre","hypothesisId":"H4","location":"Worker.Gather","message":"invoked","data":{"supply":"QPS_Rock_Overgrown_C"},"timestamp":1778550888946}
{"sessionId":"6d816f","runId":"pre","hypothesisId":"H2","location":"PlayerInput.HandleRightClick","message":"raycast_hit","data":{"collider":"QPS_Rock_Overgrown_B","layer":9},"timestamp":1778550907308}
{"sessionId":"6d816f","runId":"pre","hypothesisId":"H1","location":"PlayerInput.HandleRightClick","message":"command_queue","data":{"unit":"Worker 1","order":"BuildBuildingCommand,BuildBuildingCommand,BuildBuildingCommand,BuildBuildingCommand,BuildBuildingCommand,LoadIntoCommand,GatherCommand,AttackCommand,MoveCommand,StopCommand","moveIndex":8,"gatherIndex":6,"gatherBeforeMove":true},"timestamp":1778550907309}
{"sessionId":"6d816f","runId":"pre","hypothesisId":"H2","location":"GatherCommand.CanHandle","message":"eval","data":{"ok":true,"isWorker":true,"hasSupplyOnCollider":true,"isCommandPost":false,"hit":"QPS_Rock_Overgrown_B"},"timestamp":1778550907309}
{"sessionId":"6d816f","runId":"pre","hypothesisId":"H1","location":"PlayerInput.HandleRightClick","message":"winner","data":{"unit":"Worker 1","command":"GatherCommand"},"timestamp":1778550907310}
{"sessionId":"6d816f","runId":"post-fix","hypothesisId":"H4","location":"GatherCommand.Handle","message":"gather_direct","data":{"visible":false,"hit":"QPS_Rock_Overgrown_B"},"timestamp":1778550907310}
{"sessionId":"6d816f","runId":"pre","hypothesisId":"H4","location":"Worker.Gather","message":"invoked","data":{"supply":"QPS_Rock_Overgrown_B"},"timestamp":1778550907310}
{"sessionId":"6d816f","runId":"pre","hypothesisId":"H2","location":"PlayerInput.HandleRightClick","message":"raycast_hit","data":{"collider":"QPS_Rock_Overgrown_B","layer":9},"timestamp":1778550909749}
{"sessionId":"6d816f","runId":"pre","hypothesisId":"H1","location":"PlayerInput.HandleRightClick","message":"command_queue","data":{"unit":"Worker 1","order":"BuildBuildingCommand,BuildBuildingCommand,BuildBuildingCommand,BuildBuildingCommand,BuildBuildingCommand,LoadIntoCommand,GatherCommand,AttackCommand,MoveCommand,StopCommand","moveIndex":8,"gatherIndex":6,"gatherBeforeMove":true},"timestamp":1778550909750}
{"sessionId":"6d816f","runId":"pre","hypothesisId":"H2","location":"GatherCommand.CanHandle","message":"eval","data":{"ok":true,"isWorker":true,"hasSupplyOnCollider":true,"isCommandPost":false,"hit":"QPS_Rock_Overgrown_B"},"timestamp":1778550909750}
{"sessionId":"6d816f","runId":"pre","hypothesisId":"H1","location":"PlayerInput.HandleRightClick","message":"winner","data":{"unit":"Worker 1","command":"GatherCommand"},"timestamp":1778550909751}
{"sessionId":"6d816f","runId":"post-fix","hypothesisId":"H4","location":"GatherCommand.Handle","message":"gather_direct","data":{"visible":false,"hit":"QPS_Rock_Overgrown_B"},"timestamp":1778550909751}
{"sessionId":"6d816f","runId":"pre","hypothesisId":"H4","location":"Worker.Gather","message":"invoked","data":{"supply":"QPS_Rock_Overgrown_B"},"timestamp":1778550909751}
