{"sessionId":"986c31","hypothesisId":"A","location":"MpLocalOwnerSceneSync.EnsureLocalOwnerInitialized","message":"LocalOwner ready","data":"owner=Player2,team=1","timestamp":1779711062257,"runId":"pre-fix"}
{"sessionId":"986c31","hypothesisId":"A","location":"MpLocalOwnerSceneSync.EnsureLocalOwnerInitialized","message":"LocalOwner ready","data":"owner=Player2,team=1","timestamp":1779711062264,"runId":"pre-fix"}
{"sessionId":"986c31","hypothesisId":"A","location":"MpLocalOwnerSceneSync.EnsureLocalOwnerInitialized","message":"LocalOwner ready","data":"owner=Player2,team=1","timestamp":1779711066616,"runId":"pre-fix"}
{"sessionId":"986c31","hypothesisId":"A","location":"MpLocalOwnerSceneSync.EnsureLocalOwnerInitialized","message":"LocalOwner ready","data":"owner=Player2,team=1","timestamp":1779711066618,"runId":"pre-fix"}
{"sessionId":"986c31","hypothesisId":"B","location":"MpPlayerPresentationDirector.AnchorSharedGameplayCamera","message":"Shared gameplay camera anchored","data":"input=Main Camera,parent=MpPlayerPresentation,activeInHierarchy=True","timestamp":1779711066667,"runId":"post-fix"}
{"sessionId":"986c31","hypothesisId":"B","location":"MpPlayerPresentationRig.SetRigActive","message":"Rig toggled","data":"rig=Fog of War P1,owner=Player1,active=False,hud=Runtime UI UGUI,supplies=Runtime UI UGUI,input=Main Camera","timestamp":1779711066669,"runId":"pre-fix"}
{"sessionId":"986c31","hypothesisId":"D","location":"Supplies.BindHudOwner","message":"HUD supplies bound","data":"go=Runtime UI UGUI (1),hudOwner=Player2,active=True,stoneTxt=True,enabledInstances=1","timestamp":1779711066835,"runId":"pre-fix"}
{"sessionId":"986c31","hypothesisId":"E","location":"PlayerInput.ConfigureCameraForPresentationOwner","message":"Cinemachine follow configured","data":"go=Main Camera,owner=Player2,canonicalZ=-100,startZ=100,cam=Main Camera","timestamp":1779711066838,"runId":"post-fix"}
{"sessionId":"986c31","hypothesisId":"B","location":"MpPlayerPresentationRig.SetRigActive","message":"Rig toggled","data":"rig=Fog of War P2,owner=Player2,active=True,hud=Runtime UI UGUI (1),supplies=Runtime UI UGUI (1),input=Main Camera","timestamp":1779711066847,"runId":"pre-fix"}
{"sessionId":"986c31","hypothesisId":"E","location":"PlayerInput.ConfigureCameraForPresentationOwner","message":"Cinemachine follow configured","data":"go=Main Camera,owner=Player2,canonicalZ=100,startZ=-100,cam=Main Camera","timestamp":1779711066851,"runId":"post-fix"}
{"sessionId":"986c31","hypothesisId":"E","location":"MpPlayerPresentationDirector.ApplyPlayerInput","message":"PlayerInput enabled for local owner","data":"owner=Player2,input=Main Camera,rig=Fog of War P2,enabled=True","timestamp":1779711066852,"runId":"post-fix"}
{"sessionId":"986c31","hypothesisId":"D","location":"Supplies.BindHudOwner","message":"HUD supplies bound","data":"go=Runtime UI UGUI (1),hudOwner=Player2,active=True,stoneTxt=True,enabledInstances=1","timestamp":1779711066865,"runId":"pre-fix"}
{"sessionId":"986c31","hypothesisId":"B","location":"MpPlayerPresentationDirector.Apply","message":"Presentation applied","data":"owner=Player2,useP1=False,activeRig=Fog of War P2,activeFog=Player2,supplies=Runtime UI UGUI (1)","timestamp":1779711066868,"runId":"pre-fix"}
{"sessionId":"986c31","hypothesisId":"C","location":"MpPlayerPresentationDirector.ApplyGameplayFogOverlay","message":"Fog overlay configured","data":"owner=Player2,cam=Main Camera,layer=17,activeInHierarchy=True","timestamp":1779711066869,"runId":"post-fix"}
{"sessionId":"986c31","hypothesisId":"B","location":"MpPlayerPresentationRig.SetRigActive","message":"Rig toggled","data":"rig=Fog of War P1,owner=Player1,active=False,hud=Runtime UI UGUI,supplies=Runtime UI UGUI,input=Main Camera","timestamp":1779711066882,"runId":"pre-fix"}
{"sessionId":"986c31","hypothesisId":"B","location":"MpPlayerPresentationRig.SetRigActive","message":"Rig toggled","data":"rig=Fog of War P2,owner=Player2,active=False,hud=Runtime UI UGUI (1),supplies=Runtime UI UGUI (1),input=Main Camera","timestamp":1779711066888,"runId":"pre-fix"}
{"sessionId":"986c31","hypothesisId":"A","location":"MpLocalOwnerSceneSync.EnsureLocalOwnerInitialized","message":"LocalOwner ready","data":"owner=Player2,team=1","timestamp":1779711066888,"runId":"pre-fix"}
{"sessionId":"986c31","hypothesisId":"B","location":"MpPlayerPresentationRig.SetRigActive","message":"Rig toggled","data":"rig=Fog of War P1,owner=Player1,active=False,hud=Runtime UI UGUI,supplies=Runtime UI UGUI,input=Main Camera","timestamp":1779711066894,"runId":"pre-fix"}
{"sessionId":"986c31","hypothesisId":"D","location":"Supplies.BindHudOwner","message":"HUD supplies bound","data":"go=Runtime UI UGUI (1),hudOwner=Player2,active=True,stoneTxt=True,enabledInstances=1","timestamp":1779711066993,"runId":"pre-fix"}
{"sessionId":"986c31","hypothesisId":"E","location":"PlayerInput.ConfigureCameraForPresentationOwner","message":"Cinemachine follow configured","data":"go=Main Camera,owner=Player2,canonicalZ=100,startZ=-100,cam=Main Camera","timestamp":1779711066994,"runId":"post-fix"}
{"sessionId":"986c31","hypothesisId":"B","location":"MpPlayerPresentationRig.SetRigActive","message":"Rig toggled","data":"rig=Fog of War P2,owner=Player2,active=True,hud=Runtime UI UGUI (1),supplies=Runtime UI UGUI (1),input=Main Camera","timestamp":1779711066995,"runId":"pre-fix"}
{"sessionId":"986c31","hypothesisId":"E","location":"PlayerInput.ConfigureCameraForPresentationOwner","message":"Cinemachine follow configured","data":"go=Main Camera,owner=Player2,canonicalZ=100,startZ=-100,cam=Main Camera","timestamp":1779711066995,"runId":"post-fix"}
{"sessionId":"986c31","hypothesisId":"E","location":"MpPlayerPresentationDirector.ApplyPlayerInput","message":"PlayerInput enabled for local owner","data":"owner=Player2,input=Main Camera,rig=Fog of War P2,enabled=True","timestamp":1779711066996,"runId":"post-fix"}
{"sessionId":"986c31","hypothesisId":"D","location":"Supplies.BindHudOwner","message":"HUD supplies bound","data":"go=Runtime UI UGUI (1),hudOwner=Player2,active=True,stoneTxt=True,enabledInstances=1","timestamp":1779711067012,"runId":"pre-fix"}
{"sessionId":"986c31","hypothesisId":"B","location":"MpPlayerPresentationDirector.Apply","message":"Presentation applied","data":"owner=Player2,useP1=False,activeRig=Fog of War P2,activeFog=Player2,supplies=Runtime UI UGUI (1)","timestamp":1779711067015,"runId":"pre-fix"}
{"sessionId":"986c31","hypothesisId":"C","location":"MpPlayerPresentationDirector.ApplyGameplayFogOverlay","message":"Fog overlay configured","data":"owner=Player2,cam=Main Camera,layer=17,activeInHierarchy=True","timestamp":1779711067017,"runId":"post-fix"}
{"sessionId":"986c31","hypothesisId":"B","location":"MpPlayerPresentationRig.SetRigActive","message":"Rig toggled","data":"rig=Fog of War P1,owner=Player1,active=False,hud=Runtime UI UGUI,supplies=Runtime UI UGUI,input=Main Camera","timestamp":1779711067059,"runId":"pre-fix"}
{"sessionId":"986c31","hypothesisId":"D","location":"Supplies.BindHudOwner","message":"HUD supplies bound","data":"go=Runtime UI UGUI (1),hudOwner=Player2,active=True,stoneTxt=True,enabledInstances=1","timestamp":1779711067060,"runId":"pre-fix"}
{"sessionId":"986c31","hypothesisId":"E","location":"PlayerInput.ConfigureCameraForPresentationOwner","message":"Cinemachine follow configured","data":"go=Main Camera,owner=Player2,canonicalZ=100,startZ=-100,cam=Main Camera","timestamp":1779711067061,"runId":"post-fix"}
{"sessionId":"986c31","hypothesisId":"B","location":"MpPlayerPresentationRig.SetRigActive","message":"Rig toggled","data":"rig=Fog of War P2,owner=Player2,active=True,hud=Runtime UI UGUI (1),supplies=Runtime UI UGUI (1),input=Main Camera","timestamp":1779711067063,"runId":"pre-fix"}
{"sessionId":"986c31","hypothesisId":"E","location":"PlayerInput.ConfigureCameraForPresentationOwner","message":"Cinemachine follow configured","data":"go=Main Camera,owner=Player2,canonicalZ=100,startZ=-100,cam=Main Camera","timestamp":1779711067063,"runId":"post-fix"}
{"sessionId":"986c31","hypothesisId":"E","location":"MpPlayerPresentationDirector.ApplyPlayerInput","message":"PlayerInput enabled for local owner","data":"owner=Player2,input=Main Camera,rig=Fog of War P2,enabled=True","timestamp":1779711067063,"runId":"post-fix"}
{"sessionId":"986c31","hypothesisId":"D","location":"Supplies.BindHudOwner","message":"HUD supplies bound","data":"go=Runtime UI UGUI (1),hudOwner=Player2,active=True,stoneTxt=True,enabledInstances=1","timestamp":1779711067078,"runId":"pre-fix"}
{"sessionId":"986c31","hypothesisId":"B","location":"MpPlayerPresentationDirector.Apply","message":"Presentation applied","data":"owner=Player2,useP1=False,activeRig=Fog of War P2,activeFog=Player2,supplies=Runtime UI UGUI (1)","timestamp":1779711067081,"runId":"pre-fix"}
{"sessionId":"986c31","hypothesisId":"C","location":"MpPlayerPresentationDirector.ApplyGameplayFogOverlay","message":"Fog overlay configured","data":"owner=Player2,cam=Main Camera,layer=17,activeInHierarchy=True","timestamp":1779711067082,"runId":"post-fix"}
{"sessionId":"986c31","hypothesisId":"D","location":"Supplies.BindHudOwner","message":"HUD supplies bound","data":"go=Runtime UI UGUI (1),hudOwner=Player2,active=True,stoneTxt=True,enabledInstances=1","timestamp":1779711067086,"runId":"pre-fix"}
{"sessionId":"986c31","hypothesisId":"B","location":"MpPlayerPresentationRig.SetRigActive","message":"Rig toggled","data":"rig=Fog of War P1,owner=Player1,active=False,hud=Runtime UI UGUI,supplies=Runtime UI UGUI,input=Main Camera","timestamp":1779711067186,"runId":"pre-fix"}
{"sessionId":"986c31","hypothesisId":"D","location":"Supplies.BindHudOwner","message":"HUD supplies bound","data":"go=Runtime UI UGUI (1),hudOwner=Player2,active=True,stoneTxt=True,enabledInstances=1","timestamp":1779711067188,"runId":"pre-fix"}
{"sessionId":"986c31","hypothesisId":"E","location":"PlayerInput.ConfigureCameraForPresentationOwner","message":"Cinemachine follow configured","data":"go=Main Camera,owner=Player2,canonicalZ=100,startZ=-100,cam=Main Camera","timestamp":1779711067189,"runId":"post-fix"}
{"sessionId":"986c31","hypothesisId":"B","location":"MpPlayerPresentationRig.SetRigActive","message":"Rig toggled","data":"rig=Fog of War P2,owner=Player2,active=True,hud=Runtime UI UGUI (1),supplies=Runtime UI UGUI (1),input=Main Camera","timestamp":1779711067190,"runId":"pre-fix"}
{"sessionId":"986c31","hypothesisId":"E","location":"PlayerInput.ConfigureCameraForPresentationOwner","message":"Cinemachine follow configured","data":"go=Main Camera,owner=Player2,canonicalZ=100,startZ=-100,cam=Main Camera","timestamp":1779711067190,"runId":"post-fix"}
{"sessionId":"986c31","hypothesisId":"E","location":"MpPlayerPresentationDirector.ApplyPlayerInput","message":"PlayerInput enabled for local owner","data":"owner=Player2,input=Main Camera,rig=Fog of War P2,enabled=True","timestamp":1779711067191,"runId":"post-fix"}
{"sessionId":"986c31","hypothesisId":"D","location":"Supplies.BindHudOwner","message":"HUD supplies bound","data":"go=Runtime UI UGUI (1),hudOwner=Player2,active=True,stoneTxt=True,enabledInstances=1","timestamp":1779711067206,"runId":"pre-fix"}
{"sessionId":"986c31","hypothesisId":"B","location":"MpPlayerPresentationDirector.Apply","message":"Presentation applied","data":"owner=Player2,useP1=False,activeRig=Fog of War P2,activeFog=Player2,supplies=Runtime UI UGUI (1)","timestamp":1779711067209,"runId":"pre-fix"}
{"sessionId":"986c31","hypothesisId":"C","location":"MpPlayerPresentationDirector.ApplyGameplayFogOverlay","message":"Fog overlay configured","data":"owner=Player2,cam=Main Camera,layer=17,activeInHierarchy=True","timestamp":1779711067210,"runId":"post-fix"}
{"sessionId":"986c31","hypothesisId":"D","location":"Supplies.BindHudOwner","message":"HUD supplies bound","data":"go=Runtime UI UGUI (1),hudOwner=Player2,active=True,stoneTxt=True,enabledInstances=1","timestamp":1779711067218,"runId":"pre-fix"}
{"sessionId":"986c31","hypothesisId":"A","location":"MpLocalOwnerSceneSync.EnsureLocalOwnerInitialized","message":"LocalOwner ready","data":"owner=Player2,team=1","timestamp":1779711067222,"runId":"pre-fix"}
{"sessionId":"986c31","hypothesisId":"A","location":"MpLocalOwnerSceneSync.EnsureLocalOwnerInitialized","message":"LocalOwner ready","data":"owner=Player2,team=1","timestamp":1779711067225,"runId":"pre-fix"}
{"sessionId":"986c31","hypothesisId":"B","location":"MpPlayerPresentationRig.SetRigActive","message":"Rig toggled","data":"rig=Fog of War P1,owner=Player1,active=False,hud=Runtime UI UGUI,supplies=Runtime UI UGUI,input=Main Camera","timestamp":1779711067228,"runId":"pre-fix"}
{"sessionId":"986c31","hypothesisId":"D","location":"Supplies.BindHudOwner","message":"HUD supplies bound","data":"go=Runtime UI UGUI (1),hudOwner=Player2,active=True,stoneTxt=True,enabledInstances=1","timestamp":1779711067231,"runId":"pre-fix"}
{"sessionId":"986c31","hypothesisId":"E","location":"PlayerInput.ConfigureCameraForPresentationOwner","message":"Cinemachine follow configured","data":"go=Main Camera,owner=Player2,canonicalZ=100,startZ=-100,cam=Main Camera","timestamp":1779711067231,"runId":"post-fix"}
{"sessionId":"986c31","hypothesisId":"B","location":"MpPlayerPresentationRig.SetRigActive","message":"Rig toggled","data":"rig=Fog of War P2,owner=Player2,active=True,hud=Runtime UI UGUI (1),supplies=Runtime UI UGUI (1),input=Main Camera","timestamp":1779711067233,"runId":"pre-fix"}
{"sessionId":"986c31","hypothesisId":"E","location":"PlayerInput.ConfigureCameraForPresentationOwner","message":"Cinemachine follow configured","data":"go=Main Camera,owner=Player2,canonicalZ=100,startZ=-100,cam=Main Camera","timestamp":1779711067234,"runId":"post-fix"}
{"sessionId":"986c31","hypothesisId":"E","location":"MpPlayerPresentationDirector.ApplyPlayerInput","message":"PlayerInput enabled for local owner","data":"owner=Player2,input=Main Camera,rig=Fog of War P2,enabled=True","timestamp":1779711067234,"runId":"post-fix"}
{"sessionId":"986c31","hypothesisId":"D","location":"Supplies.BindHudOwner","message":"HUD supplies bound","data":"go=Runtime UI UGUI (1),hudOwner=Player2,active=True,stoneTxt=True,enabledInstances=1","timestamp":1779711067251,"runId":"pre-fix"}
{"sessionId":"986c31","hypothesisId":"B","location":"MpPlayerPresentationDirector.Apply","message":"Presentation applied","data":"owner=Player2,useP1=False,activeRig=Fog of War P2,activeFog=Player2,supplies=Runtime UI UGUI (1)","timestamp":1779711067255,"runId":"pre-fix"}
{"sessionId":"986c31","hypothesisId":"C","location":"MpPlayerPresentationDirector.ApplyGameplayFogOverlay","message":"Fog overlay configured","data":"owner=Player2,cam=Main Camera,layer=17,activeInHierarchy=True","timestamp":1779711067255,"runId":"post-fix"}
{"sessionId":"986c31","hypothesisId":"A","location":"MpLocalOwnerSceneSync.EnsureLocalOwnerInitialized","message":"LocalOwner ready","data":"owner=Player2,team=1","timestamp":1779711067279,"runId":"pre-fix"}
{"sessionId":"986c31","hypothesisId":"B","location":"MpPlayerPresentationRig.SetRigActive","message":"Rig toggled","data":"rig=Fog of War P1,owner=Player1,active=False,hud=Runtime UI UGUI,supplies=Runtime UI UGUI,input=Main Camera","timestamp":1779711067280,"runId":"pre-fix"}
{"sessionId":"986c31","hypothesisId":"D","location":"Supplies.BindHudOwner","message":"HUD supplies bound","data":"go=Runtime UI UGUI (1),hudOwner=Player2,active=True,stoneTxt=True,enabledInstances=1","timestamp":1779711067283,"runId":"pre-fix"}
{"sessionId":"986c31","hypothesisId":"E","location":"PlayerInput.ConfigureCameraForPresentationOwner","message":"Cinemachine follow configured","data":"go=Main Camera,owner=Player2,canonicalZ=100,startZ=-100,cam=Main Camera","timestamp":1779711067283,"runId":"post-fix"}
{"sessionId":"986c31","hypothesisId":"B","location":"MpPlayerPresentationRig.SetRigActive","message":"Rig toggled","data":"rig=Fog of War P2,owner=Player2,active=True,hud=Runtime UI UGUI (1),supplies=Runtime UI UGUI (1),input=Main Camera","timestamp":1779711067284,"runId":"pre-fix"}
{"sessionId":"986c31","hypothesisId":"E","location":"PlayerInput.ConfigureCameraForPresentationOwner","message":"Cinemachine follow configured","data":"go=Main Camera,owner=Player2,canonicalZ=100,startZ=-100,cam=Main Camera","timestamp":1779711067285,"runId":"post-fix"}
{"sessionId":"986c31","hypothesisId":"E","location":"MpPlayerPresentationDirector.ApplyPlayerInput","message":"PlayerInput enabled for local owner","data":"owner=Player2,input=Main Camera,rig=Fog of War P2,enabled=True","timestamp":1779711067285,"runId":"post-fix"}
{"sessionId":"986c31","hypothesisId":"D","location":"Supplies.BindHudOwner","message":"HUD supplies bound","data":"go=Runtime UI UGUI (1),hudOwner=Player2,active=True,stoneTxt=True,enabledInstances=1","timestamp":1779711067305,"runId":"pre-fix"}
{"sessionId":"986c31","hypothesisId":"B","location":"MpPlayerPresentationDirector.Apply","message":"Presentation applied","data":"owner=Player2,useP1=False,activeRig=Fog of War P2,activeFog=Player2,supplies=Runtime UI UGUI (1)","timestamp":1779711067309,"runId":"pre-fix"}
{"sessionId":"986c31","hypothesisId":"C","location":"MpPlayerPresentationDirector.ApplyGameplayFogOverlay","message":"Fog overlay configured","data":"owner=Player2,cam=Main Camera,layer=17,activeInHierarchy=True","timestamp":1779711067311,"runId":"post-fix"}
{"sessionId":"986c31","hypothesisId":"D","location":"Supplies.BindHudOwner","message":"HUD supplies bound","data":"go=Runtime UI UGUI (1),hudOwner=Player2,active=True,stoneTxt=True,enabledInstances=1","timestamp":1779711067331,"runId":"pre-fix"}
{"sessionId":"986c31","hypothesisId":"B","location":"MpPlayerPresentationRig.SetRigActive","message":"Rig toggled","data":"rig=Fog of War P1,owner=Player1,active=False,hud=Runtime UI UGUI,supplies=Runtime UI UGUI,input=Main Camera","timestamp":1779711067373,"runId":"pre-fix"}
{"sessionId":"986c31","hypothesisId":"D","location":"Supplies.BindHudOwner","message":"HUD supplies bound","data":"go=Runtime UI UGUI (1),hudOwner=Player2,active=True,stoneTxt=True,enabledInstances=1","timestamp":1779711067376,"runId":"pre-fix"}
{"sessionId":"986c31","hypothesisId":"E","location":"PlayerInput.ConfigureCameraForPresentationOwner","message":"Cinemachine follow configured","data":"go=Main Camera,owner=Player2,canonicalZ=100,startZ=-100,cam=Main Camera","timestamp":1779711067376,"runId":"post-fix"}
{"sessionId":"986c31","hypothesisId":"B","location":"MpPlayerPresentationRig.SetRigActive","message":"Rig toggled","data":"rig=Fog of War P2,owner=Player2,active=True,hud=Runtime UI UGUI (1),supplies=Runtime UI UGUI (1),input=Main Camera","timestamp":1779711067377,"runId":"pre-fix"}
{"sessionId":"986c31","hypothesisId":"E","location":"PlayerInput.ConfigureCameraForPresentationOwner","message":"Cinemachine follow configured","data":"go=Main Camera,owner=Player2,canonicalZ=100,startZ=-100,cam=Main Camera","timestamp":1779711067378,"runId":"post-fix"}
{"sessionId":"986c31","hypothesisId":"E","location":"MpPlayerPresentationDirector.ApplyPlayerInput","message":"PlayerInput enabled for local owner","data":"owner=Player2,input=Main Camera,rig=Fog of War P2,enabled=True","timestamp":1779711067379,"runId":"post-fix"}
{"sessionId":"986c31","hypothesisId":"D","location":"Supplies.BindHudOwner","message":"HUD supplies bound","data":"go=Runtime UI UGUI (1),hudOwner=Player2,active=True,stoneTxt=True,enabledInstances=1","timestamp":1779711067401,"runId":"pre-fix"}
{"sessionId":"986c31","hypothesisId":"B","location":"MpPlayerPresentationDirector.Apply","message":"Presentation applied","data":"owner=Player2,useP1=False,activeRig=Fog of War P2,activeFog=Player2,supplies=Runtime UI UGUI (1)","timestamp":1779711067405,"runId":"pre-fix"}
{"sessionId":"986c31","hypothesisId":"C","location":"MpPlayerPresentationDirector.ApplyGameplayFogOverlay","message":"Fog overlay configured","data":"owner=Player2,cam=Main Camera,layer=17,activeInHierarchy=True","timestamp":1779711067406,"runId":"post-fix"}
{"sessionId":"986c31","hypothesisId":"D","location":"Supplies.BindHudOwner","message":"HUD supplies bound","data":"go=Runtime UI UGUI (1),hudOwner=Player2,active=True,stoneTxt=True,enabledInstances=1","timestamp":1779711067415,"runId":"pre-fix"}
{"sessionId":"986c31","hypothesisId":"A","location":"MpLocalOwnerSceneSync.EnsureLocalOwnerInitialized","message":"LocalOwner ready","data":"owner=Player2,team=1","timestamp":1779711067419,"runId":"pre-fix"}
{"sessionId":"986c31","hypothesisId":"A","location":"MpLocalOwnerSceneSync.EnsureLocalOwnerInitialized","message":"LocalOwner ready","data":"owner=Player2,team=1","timestamp":1779711067421,"runId":"pre-fix"}
{"sessionId":"986c31","hypothesisId":"B","location":"MpPlayerPresentationRig.SetRigActive","message":"Rig toggled","data":"rig=Fog of War P1,owner=Player1,active=False,hud=Runtime UI UGUI,supplies=Runtime UI UGUI,input=Main Camera","timestamp":1779711067423,"runId":"pre-fix"}
{"sessionId":"986c31","hypothesisId":"D","location":"Supplies.BindHudOwner","message":"HUD supplies bound","data":"go=Runtime UI UGUI (1),hudOwner=Player2,active=True,stoneTxt=True,enabledInstances=1","timestamp":1779711067425,"runId":"pre-fix"}
{"sessionId":"986c31","hypothesisId":"E","location":"PlayerInput.ConfigureCameraForPresentationOwner","message":"Cinemachine follow configured","data":"go=Main Camera,owner=Player2,canonicalZ=100,startZ=-100,cam=Main Camera","timestamp":1779711067425,"runId":"post-fix"}
{"sessionId":"986c31","hypothesisId":"B","location":"MpPlayerPresentationRig.SetRigActive","message":"Rig toggled","data":"rig=Fog of War P2,owner=Player2,active=True,hud=Runtime UI UGUI (1),supplies=Runtime UI UGUI (1),input=Main Camera","timestamp":1779711067426,"runId":"pre-fix"}
{"sessionId":"986c31","hypothesisId":"E","location":"PlayerInput.ConfigureCameraForPresentationOwner","message":"Cinemachine follow configured","data":"go=Main Camera,owner=Player2,canonicalZ=100,startZ=-100,cam=Main Camera","timestamp":1779711067426,"runId":"post-fix"}
{"sessionId":"986c31","hypothesisId":"E","location":"MpPlayerPresentationDirector.ApplyPlayerInput","message":"PlayerInput enabled for local owner","data":"owner=Player2,input=Main Camera,rig=Fog of War P2,enabled=True","timestamp":1779711067426,"runId":"post-fix"}
{"sessionId":"986c31","hypothesisId":"D","location":"Supplies.BindHudOwner","message":"HUD supplies bound","data":"go=Runtime UI UGUI (1),hudOwner=Player2,active=True,stoneTxt=True,enabledInstances=1","timestamp":1779711067440,"runId":"pre-fix"}
{"sessionId":"986c31","hypothesisId":"B","location":"MpPlayerPresentationDirector.Apply","message":"Presentation applied","data":"owner=Player2,useP1=False,activeRig=Fog of War P2,activeFog=Player2,supplies=Runtime UI UGUI (1)","timestamp":1779711067442,"runId":"pre-fix"}
{"sessionId":"986c31","hypothesisId":"C","location":"MpPlayerPresentationDirector.ApplyGameplayFogOverlay","message":"Fog overlay configured","data":"owner=Player2,cam=Main Camera,layer=17,activeInHierarchy=True","timestamp":1779711067443,"runId":"post-fix"}
{"sessionId":"986c31","hypothesisId":"B","location":"MpPlayerPresentationRig.SetRigActive","message":"Rig toggled","data":"rig=Fog of War P1,owner=Player1,active=False,hud=Runtime UI UGUI,supplies=Runtime UI UGUI,input=Main Camera","timestamp":1779711067745,"runId":"pre-fix"}
{"sessionId":"986c31","hypothesisId":"D","location":"Supplies.BindHudOwner","message":"HUD supplies bound","data":"go=Runtime UI UGUI (1),hudOwner=Player2,active=True,stoneTxt=True,enabledInstances=1","timestamp":1779711067747,"runId":"pre-fix"}
{"sessionId":"986c31","hypothesisId":"E","location":"PlayerInput.ConfigureCameraForPresentationOwner","message":"Cinemachine follow configured","data":"go=Main Camera,owner=Player2,canonicalZ=100,startZ=-100,cam=Main Camera","timestamp":1779711067747,"runId":"post-fix"}
{"sessionId":"986c31","hypothesisId":"B","location":"MpPlayerPresentationRig.SetRigActive","message":"Rig toggled","data":"rig=Fog of War P2,owner=Player2,active=True,hud=Runtime UI UGUI (1),supplies=Runtime UI UGUI (1),input=Main Camera","timestamp":1779711067752,"runId":"pre-fix"}
{"sessionId":"986c31","hypothesisId":"E","location":"PlayerInput.ConfigureCameraForPresentationOwner","message":"Cinemachine follow configured","data":"go=Main Camera,owner=Player2,canonicalZ=100,startZ=-100,cam=Main Camera","timestamp":1779711067753,"runId":"post-fix"}
{"sessionId":"986c31","hypothesisId":"E","location":"MpPlayerPresentationDirector.ApplyPlayerInput","message":"PlayerInput enabled for local owner","data":"owner=Player2,input=Main Camera,rig=Fog of War P2,enabled=True","timestamp":1779711067753,"runId":"post-fix"}
{"sessionId":"986c31","hypothesisId":"D","location":"Supplies.BindHudOwner","message":"HUD supplies bound","data":"go=Runtime UI UGUI (1),hudOwner=Player2,active=True,stoneTxt=True,enabledInstances=1","timestamp":1779711067769,"runId":"pre-fix"}
{"sessionId":"986c31","hypothesisId":"B","location":"MpPlayerPresentationDirector.Apply","message":"Presentation applied","data":"owner=Player2,useP1=False,activeRig=Fog of War P2,activeFog=Player2,supplies=Runtime UI UGUI (1)","timestamp":1779711067772,"runId":"pre-fix"}
{"sessionId":"986c31","hypothesisId":"C","location":"MpPlayerPresentationDirector.ApplyGameplayFogOverlay","message":"Fog overlay configured","data":"owner=Player2,cam=Main Camera,layer=17,activeInHierarchy=True","timestamp":1779711067772,"runId":"post-fix"}
{"sessionId":"986c31","hypothesisId":"D","location":"Supplies.BindHudOwner","message":"HUD supplies bound","data":"go=Runtime UI UGUI (1),hudOwner=Player2,active=True,stoneTxt=True,enabledInstances=1","timestamp":1779711067782,"runId":"pre-fix"}
{"sessionId":"986c31","hypothesisId":"A","location":"MpLocalOwnerSceneSync.EnsureLocalOwnerInitialized","message":"LocalOwner ready","data":"owner=Player2,team=1","timestamp":1779711067786,"runId":"pre-fix"}
{"sessionId":"986c31","hypothesisId":"A","location":"MpLocalOwnerSceneSync.EnsureLocalOwnerInitialized","message":"LocalOwner ready","data":"owner=Player2,team=1","timestamp":1779711067788,"runId":"pre-fix"}
{"sessionId":"986c31","hypothesisId":"B","location":"MpPlayerPresentationRig.SetRigActive","message":"Rig toggled","data":"rig=Fog of War P1,owner=Player1,active=False,hud=Runtime UI UGUI,supplies=Runtime UI UGUI,input=Main Camera","timestamp":1779711067789,"runId":"pre-fix"}
{"sessionId":"986c31","hypothesisId":"D","location":"Supplies.BindHudOwner","message":"HUD supplies bound","data":"go=Runtime UI UGUI (1),hudOwner=Player2,active=True,stoneTxt=True,enabledInstances=1","timestamp":1779711067790,"runId":"pre-fix"}
{"sessionId":"986c31","hypothesisId":"E","location":"PlayerInput.ConfigureCameraForPresentationOwner","message":"Cinemachine follow configured","data":"go=Main Camera,owner=Player2,canonicalZ=100,startZ=-100,cam=Main Camera","timestamp":1779711067791,"runId":"post-fix"}
{"sessionId":"986c31","hypothesisId":"B","location":"MpPlayerPresentationRig.SetRigActive","message":"Rig toggled","data":"rig=Fog of War P2,owner=Player2,active=True,hud=Runtime UI UGUI (1),supplies=Runtime UI UGUI (1),input=Main Camera","timestamp":1779711067791,"runId":"pre-fix"}
{"sessionId":"986c31","hypothesisId":"E","location":"PlayerInput.ConfigureCameraForPresentationOwner","message":"Cinemachine follow configured","data":"go=Main Camera,owner=Player2,canonicalZ=100,startZ=-100,cam=Main Camera","timestamp":1779711067793,"runId":"post-fix"}
{"sessionId":"986c31","hypothesisId":"E","location":"MpPlayerPresentationDirector.ApplyPlayerInput","message":"PlayerInput enabled for local owner","data":"owner=Player2,input=Main Camera,rig=Fog of War P2,enabled=True","timestamp":1779711067793,"runId":"post-fix"}
{"sessionId":"986c31","hypothesisId":"D","location":"Supplies.BindHudOwner","message":"HUD supplies bound","data":"go=Runtime UI UGUI (1),hudOwner=Player2,active=True,stoneTxt=True,enabledInstances=1","timestamp":1779711067809,"runId":"pre-fix"}
{"sessionId":"986c31","hypothesisId":"B","location":"MpPlayerPresentationDirector.Apply","message":"Presentation applied","data":"owner=Player2,useP1=False,activeRig=Fog of War P2,activeFog=Player2,supplies=Runtime UI UGUI (1)","timestamp":1779711067812,"runId":"pre-fix"}
{"sessionId":"986c31","hypothesisId":"C","location":"MpPlayerPresentationDirector.ApplyGameplayFogOverlay","message":"Fog overlay configured","data":"owner=Player2,cam=Main Camera,layer=17,activeInHierarchy=True","timestamp":1779711067813,"runId":"post-fix"}
{"sessionId":"986c31","hypothesisId":"B","location":"MpPlayerPresentationRig.SetRigActive","message":"Rig toggled","data":"rig=Fog of War P1,owner=Player1,active=False,hud=Runtime UI UGUI,supplies=Runtime UI UGUI,input=Main Camera","timestamp":1779711068026,"runId":"pre-fix"}
{"sessionId":"986c31","hypothesisId":"D","location":"Supplies.BindHudOwner","message":"HUD supplies bound","data":"go=Runtime UI UGUI (1),hudOwner=Player2,active=True,stoneTxt=True,enabledInstances=1","timestamp":1779711068028,"runId":"pre-fix"}
{"sessionId":"986c31","hypothesisId":"E","location":"PlayerInput.ConfigureCameraForPresentationOwner","message":"Cinemachine follow configured","data":"go=Main Camera,owner=Player2,canonicalZ=100,startZ=-100,cam=Main Camera","timestamp":1779711068029,"runId":"post-fix"}
{"sessionId":"986c31","hypothesisId":"B","location":"MpPlayerPresentationRig.SetRigActive","message":"Rig toggled","data":"rig=Fog of War P2,owner=Player2,active=True,hud=Runtime UI UGUI (1),supplies=Runtime UI UGUI (1),input=Main Camera","timestamp":1779711068030,"runId":"pre-fix"}
{"sessionId":"986c31","hypothesisId":"E","location":"PlayerInput.ConfigureCameraForPresentationOwner","message":"Cinemachine follow configured","data":"go=Main Camera,owner=Player2,canonicalZ=100,startZ=-100,cam=Main Camera","timestamp":1779711068030,"runId":"post-fix"}
{"sessionId":"986c31","hypothesisId":"E","location":"MpPlayerPresentationDirector.ApplyPlayerInput","message":"PlayerInput enabled for local owner","data":"owner=Player2,input=Main Camera,rig=Fog of War P2,enabled=True","timestamp":1779711068031,"runId":"post-fix"}
{"sessionId":"986c31","hypothesisId":"D","location":"Supplies.BindHudOwner","message":"HUD supplies bound","data":"go=Runtime UI UGUI (1),hudOwner=Player2,active=True,stoneTxt=True,enabledInstances=1","timestamp":1779711068047,"runId":"pre-fix"}
{"sessionId":"986c31","hypothesisId":"B","location":"MpPlayerPresentationDirector.Apply","message":"Presentation applied","data":"owner=Player2,useP1=False,activeRig=Fog of War P2,activeFog=Player2,supplies=Runtime UI UGUI (1)","timestamp":1779711068049,"runId":"pre-fix"}
{"sessionId":"986c31","hypothesisId":"C","location":"MpPlayerPresentationDirector.ApplyGameplayFogOverlay","message":"Fog overlay configured","data":"owner=Player2,cam=Main Camera,layer=17,activeInHierarchy=True","timestamp":1779711068050,"runId":"post-fix"}
{"sessionId":"986c31","hypothesisId":"D","location":"Supplies.BindHudOwner","message":"HUD supplies bound","data":"go=Runtime UI UGUI (1),hudOwner=Player2,active=True,stoneTxt=True,enabledInstances=1","timestamp":1779711068058,"runId":"pre-fix"}
{"sessionId":"986c31","hypothesisId":"A","location":"MpLocalOwnerSceneSync.EnsureLocalOwnerInitialized","message":"LocalOwner ready","data":"owner=Player2,team=1","timestamp":1779711068061,"runId":"pre-fix"}
{"sessionId":"986c31","hypothesisId":"A","location":"MpLocalOwnerSceneSync.EnsureLocalOwnerInitialized","message":"LocalOwner ready","data":"owner=Player2,team=1","timestamp":1779711068063,"runId":"pre-fix"}
{"sessionId":"986c31","hypothesisId":"B","location":"MpPlayerPresentationRig.SetRigActive","message":"Rig toggled","data":"rig=Fog of War P1,owner=Player1,active=False,hud=Runtime UI UGUI,supplies=Runtime UI UGUI,input=Main Camera","timestamp":1779711068066,"runId":"pre-fix"}
{"sessionId":"986c31","hypothesisId":"D","location":"Supplies.BindHudOwner","message":"HUD supplies bound","data":"go=Runtime UI UGUI (1),hudOwner=Player2,active=True,stoneTxt=True,enabledInstances=1","timestamp":1779711068067,"runId":"pre-fix"}
{"sessionId":"986c31","hypothesisId":"E","location":"PlayerInput.ConfigureCameraForPresentationOwner","message":"Cinemachine follow configured","data":"go=Main Camera,owner=Player2,canonicalZ=100,startZ=-100,cam=Main Camera","timestamp":1779711068067,"runId":"post-fix"}
{"sessionId":"986c31","hypothesisId":"B","location":"MpPlayerPresentationRig.SetRigActive","message":"Rig toggled","data":"rig=Fog of War P2,owner=Player2,active=True,hud=Runtime UI UGUI (1),supplies=Runtime UI UGUI (1),input=Main Camera","timestamp":1779711068070,"runId":"pre-fix"}
{"sessionId":"986c31","hypothesisId":"E","location":"PlayerInput.ConfigureCameraForPresentationOwner","message":"Cinemachine follow configured","data":"go=Main Camera,owner=Player2,canonicalZ=100,startZ=-100,cam=Main Camera","timestamp":1779711068070,"runId":"post-fix"}
{"sessionId":"986c31","hypothesisId":"E","location":"MpPlayerPresentationDirector.ApplyPlayerInput","message":"PlayerInput enabled for local owner","data":"owner=Player2,input=Main Camera,rig=Fog of War P2,enabled=True","timestamp":1779711068070,"runId":"post-fix"}
{"sessionId":"986c31","hypothesisId":"D","location":"Supplies.BindHudOwner","message":"HUD supplies bound","data":"go=Runtime UI UGUI (1),hudOwner=Player2,active=True,stoneTxt=True,enabledInstances=1","timestamp":1779711068086,"runId":"pre-fix"}
{"sessionId":"986c31","hypothesisId":"B","location":"MpPlayerPresentationDirector.Apply","message":"Presentation applied","data":"owner=Player2,useP1=False,activeRig=Fog of War P2,activeFog=Player2,supplies=Runtime UI UGUI (1)","timestamp":1779711068090,"runId":"pre-fix"}
{"sessionId":"986c31","hypothesisId":"C","location":"MpPlayerPresentationDirector.ApplyGameplayFogOverlay","message":"Fog overlay configured","data":"owner=Player2,cam=Main Camera,layer=17,activeInHierarchy=True","timestamp":1779711068090,"runId":"post-fix"}
{"sessionId":"986c31","hypothesisId":"B","location":"MpPlayerPresentationRig.SetRigActive","message":"Rig toggled","data":"rig=Fog of War P1,owner=Player1,active=False,hud=Runtime UI UGUI,supplies=Runtime UI UGUI,input=Main Camera","timestamp":1779711068092,"runId":"pre-fix"}
{"sessionId":"986c31","hypothesisId":"D","location":"Supplies.BindHudOwner","message":"HUD supplies bound","data":"go=Runtime UI UGUI (1),hudOwner=Player2,active=True,stoneTxt=True,enabledInstances=1","timestamp":1779711068093,"runId":"pre-fix"}
{"sessionId":"986c31","hypothesisId":"E","location":"PlayerInput.ConfigureCameraForPresentationOwner","message":"Cinemachine follow configured","data":"go=Main Camera,owner=Player2,canonicalZ=100,startZ=-100,cam=Main Camera","timestamp":1779711068095,"runId":"post-fix"}
{"sessionId":"986c31","hypothesisId":"B","location":"MpPlayerPresentationRig.SetRigActive","message":"Rig toggled","data":"rig=Fog of War P2,owner=Player2,active=True,hud=Runtime UI UGUI (1),supplies=Runtime UI UGUI (1),input=Main Camera","timestamp":1779711068095,"runId":"pre-fix"}
{"sessionId":"986c31","hypothesisId":"E","location":"PlayerInput.ConfigureCameraForPresentationOwner","message":"Cinemachine follow configured","data":"go=Main Camera,owner=Player2,canonicalZ=100,startZ=-100,cam=Main Camera","timestamp":1779711068096,"runId":"post-fix"}
{"sessionId":"986c31","hypothesisId":"E","location":"MpPlayerPresentationDirector.ApplyPlayerInput","message":"PlayerInput enabled for local owner","data":"owner=Player2,input=Main Camera,rig=Fog of War P2,enabled=True","timestamp":1779711068096,"runId":"post-fix"}
{"sessionId":"986c31","hypothesisId":"D","location":"Supplies.BindHudOwner","message":"HUD supplies bound","data":"go=Runtime UI UGUI (1),hudOwner=Player2,active=True,stoneTxt=True,enabledInstances=1","timestamp":1779711068110,"runId":"pre-fix"}
{"sessionId":"986c31","hypothesisId":"B","location":"MpPlayerPresentationDirector.Apply","message":"Presentation applied","data":"owner=Player2,useP1=False,activeRig=Fog of War P2,activeFog=Player2,supplies=Runtime UI UGUI (1)","timestamp":1779711068113,"runId":"pre-fix"}
{"sessionId":"986c31","hypothesisId":"C","location":"MpPlayerPresentationDirector.ApplyGameplayFogOverlay","message":"Fog overlay configured","data":"owner=Player2,cam=Main Camera,layer=17,activeInHierarchy=True","timestamp":1779711068113,"runId":"post-fix"}
{"sessionId":"986c31","hypothesisId":"D","location":"Supplies.BindHudOwner","message":"HUD supplies bound","data":"go=Runtime UI UGUI (1),hudOwner=Player2,active=True,stoneTxt=True,enabledInstances=1","timestamp":1779711068119,"runId":"pre-fix"}
{"sessionId":"986c31","hypothesisId":"A","location":"MpLocalOwnerSceneSync.EnsureLocalOwnerInitialized","message":"LocalOwner ready","data":"owner=Player2,team=1","timestamp":1779711068120,"runId":"pre-fix"}
{"sessionId":"986c31","hypothesisId":"A","location":"MpLocalOwnerSceneSync.EnsureLocalOwnerInitialized","message":"LocalOwner ready","data":"owner=Player2,team=1","timestamp":1779711068124,"runId":"pre-fix"}
{"sessionId":"986c31","hypothesisId":"B","location":"MpPlayerPresentationRig.SetRigActive","message":"Rig toggled","data":"rig=Fog of War P1,owner=Player1,active=False,hud=Runtime UI UGUI,supplies=Runtime UI UGUI,input=Main Camera","timestamp":1779711068125,"runId":"pre-fix"}
{"sessionId":"986c31","hypothesisId":"D","location":"Supplies.BindHudOwner","message":"HUD supplies bound","data":"go=Runtime UI UGUI (1),hudOwner=Player2,active=True,stoneTxt=True,enabledInstances=1","timestamp":1779711068128,"runId":"pre-fix"}
{"sessionId":"986c31","hypothesisId":"E","location":"PlayerInput.ConfigureCameraForPresentationOwner","message":"Cinemachine follow configured","data":"go=Main Camera,owner=Player2,canonicalZ=100,startZ=-100,cam=Main Camera","timestamp":1779711068128,"runId":"post-fix"}
{"sessionId":"986c31","hypothesisId":"B","location":"MpPlayerPresentationRig.SetRigActive","message":"Rig toggled","data":"rig=Fog of War P2,owner=Player2,active=True,hud=Runtime UI UGUI (1),supplies=Runtime UI UGUI (1),input=Main Camera","timestamp":1779711068129,"runId":"pre-fix"}
{"sessionId":"986c31","hypothesisId":"E","location":"PlayerInput.ConfigureCameraForPresentationOwner","message":"Cinemachine follow configured","data":"go=Main Camera,owner=Player2,canonicalZ=100,startZ=-100,cam=Main Camera","timestamp":1779711068130,"runId":"post-fix"}
{"sessionId":"986c31","hypothesisId":"E","location":"MpPlayerPresentationDirector.ApplyPlayerInput","message":"PlayerInput enabled for local owner","data":"owner=Player2,input=Main Camera,rig=Fog of War P2,enabled=True","timestamp":1779711068130,"runId":"post-fix"}
{"sessionId":"986c31","hypothesisId":"D","location":"Supplies.BindHudOwner","message":"HUD supplies bound","data":"go=Runtime UI UGUI (1),hudOwner=Player2,active=True,stoneTxt=True,enabledInstances=1","timestamp":1779711068147,"runId":"pre-fix"}
{"sessionId":"986c31","hypothesisId":"B","location":"MpPlayerPresentationDirector.Apply","message":"Presentation applied","data":"owner=Player2,useP1=False,activeRig=Fog of War P2,activeFog=Player2,supplies=Runtime UI UGUI (1)","timestamp":1779711068150,"runId":"pre-fix"}
{"sessionId":"986c31","hypothesisId":"C","location":"MpPlayerPresentationDirector.ApplyGameplayFogOverlay","message":"Fog overlay configured","data":"owner=Player2,cam=Main Camera,layer=17,activeInHierarchy=True","timestamp":1779711068150,"runId":"post-fix"}
